Collecting altair==5.3.0 (from -r requirements.txt (line 1))
  Downloading altair-5.3.0-py3-none-any.whl.metadata (9.2 kB)
Collecting asgiref==3.8.1 (from -r requirements.txt (line 2))
  Downloading asgiref-3.8.1-py3-none-any.whl.metadata (9.3 kB)
Collecting astor==0.8.1 (from -r requirements.txt (line 3))
  Downloading astor-0.8.1-py2.py3-none-any.whl.metadata (4.2 kB)
Collecting attrs==23.2.0 (from -r requirements.txt (line 4))
  Downloading attrs-23.2.0-py3-none-any.whl.metadata (9.5 kB)
Collecting backcall==0.2.0 (from -r requirements.txt (line 5))
  Downloading backcall-0.2.0-py2.py3-none-any.whl.metadata (2.0 kB)
Collecting base58==2.1.1 (from -r requirements.txt (line 6))
  Downloading base58-2.1.1-py3-none-any.whl.metadata (3.1 kB)
Collecting bleach==6.1.0 (from -r requirements.txt (line 7))
  Downloading bleach-6.1.0-py3-none-any.whl.metadata (30 kB)
Collecting blinker==1.8.2 (from -r requirements.txt (line 8))
  Downloading blinker-1.8.2-py3-none-any.whl.metadata (1.6 kB)
Collecting cachetools==5.3.3 (from -r requirements.txt (line 9))
  Downloading cachetools-5.3.3-py3-none-any.whl.metadata (5.3 kB)
Collecting certifi==2024.6.2 (from -r requirements.txt (line 10))
  Downloading certifi-2024.6.2-py3-none-any.whl.metadata (2.2 kB)
Collecting chardet==5.2.0 (from -r requirements.txt (line 11))
  Downloading chardet-5.2.0-py3-none-any.whl.metadata (3.4 kB)
Collecting click==8.1.7 (from -r requirements.txt (line 12))
  Downloading click-8.1.7-py3-none-any.whl.metadata (3.0 kB)
Collecting cmake==3.29.6 (from -r requirements.txt (line 13))
  Downloading cmake-3.29.6-py3-none-win_amd64.whl.metadata (6.1 kB)
Collecting colorama==0.4.6 (from -r requirements.txt (line 14))
  Using cached colorama-0.4.6-py2.py3-none-any.whl.metadata (17 kB)
Collecting cycler==0.12.1 (from -r requirements.txt (line 15))
  Downloading cycler-0.12.1-py3-none-any.whl.metadata (3.8 kB)
Collecting decorator==5.1.1 (from -r requirements.txt (line 16))
  Downloading decorator-5.1.1-py3-none-any.whl.metadata (4.0 kB)
Collecting defusedxml==0.7.1 (from -r requirements.txt (line 17))
  Using cached defusedxml-0.7.1-py2.py3-none-any.whl.metadata (32 kB)
Collecting Django==5.0.6 (from -r requirements.txt (line 18))
  Downloading Django-5.0.6-py3-none-any.whl.metadata (4.1 kB)
Collecting dlib==19.24.2 (from -r requirements.txt (line 19))
  Downloading dlib-19.24.2.tar.gz (11.8 MB)
     ---------------------------------------- 11.8/11.8 MB 4.7 MB/s eta 0:00:00
  Installing build dependencies: started
  Installing build dependencies: finished with status 'done'
  Getting requirements to build wheel: started
  Getting requirements to build wheel: finished with status 'done'
  Preparing metadata (pyproject.toml): started
  Preparing metadata (pyproject.toml): finished with status 'done'
Collecting docutils==0.21.2 (from -r requirements.txt (line 20))
  Downloading docutils-0.21.2-py3-none-any.whl.metadata (2.8 kB)
Collecting entrypoints==0.4 (from -r requirements.txt (line 21))
  Downloading entrypoints-0.4-py3-none-any.whl.metadata (2.6 kB)
Collecting enum-compat==0.0.3 (from -r requirements.txt (line 22))
  Downloading enum_compat-0.0.3-py3-none-any.whl.metadata (954 bytes)
Collecting face-recognition==1.3.0 (from -r requirements.txt (line 23))
  Downloading face_recognition-1.3.0-py2.py3-none-any.whl.metadata (21 kB)
Collecting face-recognition-models==0.3.0 (from -r requirements.txt (line 24))
  Downloading face_recognition_models-0.3.0.tar.gz (100.1 MB)
     ---------------                       43.3/100.1 MB 122.8 kB/s eta 0:07:44

[notice] A new release of pip is available: 25.0.1 -> 26.2.1
[notice] To update, run: python.exe -m pip install --upgrade pip
ERROR: Exception:
Traceback (most recent call last):
  File "C:\Users\Admin\Desktop\Deepfake_detection_using_deep_learning\Django Application\venv\Lib\site-packages\pip\_vendor\urllib3\response.py", line 438, in _error_catcher
    yield
  File "C:\Users\Admin\Desktop\Deepfake_detection_using_deep_learning\Django Application\venv\Lib\site-packages\pip\_vendor\urllib3\response.py", line 561, in read
    data = self._fp_read(amt) if not fp_closed else b""
           ^^^^^^^^^^^^^^^^^^
  File "C:\Users\Admin\Desktop\Deepfake_detection_using_deep_learning\Django Application\venv\Lib\site-packages\pip\_vendor\urllib3\response.py", line 527, in _fp_read
    return self._fp.read(amt) if amt is not None else self._fp.read()
           ^^^^^^^^^^^^^^^^^^
  File "C:\Users\Admin\Desktop\Deepfake_detection_using_deep_learning\Django Application\venv\Lib\site-packages\pip\_vendor\cachecontrol\filewrapper.py", line 102, in read
    self.__buf.write(data)
  File "C:\Users\Admin\AppData\Local\Programs\Python\Python312\Lib\tempfile.py", line 499, in func_wrapper
    return func(*args, **kwargs)
           ^^^^^^^^^^^^^^^^^^^^^
OSError: [Errno 28] No space left on device

During handling of the above exception, another exception occurred:

Traceback (most recent call last):
  File "C:\Users\Admin\Desktop\Deepfake_detection_using_deep_learning\Django Application\venv\Lib\site-packages\pip\_internal\cli\base_command.py", line 106, in _run_wrapper
    status = _inner_run()
             ^^^^^^^^^^^^
  File "C:\Users\Admin\Desktop\Deepfake_detection_using_deep_learning\Django Application\venv\Lib\site-packages\pip\_internal\cli\base_command.py", line 97, in _inner_run
    return self.run(options, args)
           ^^^^^^^^^^^^^^^^^^^^^^^
  File "C:\Users\Admin\Desktop\Deepfake_detection_using_deep_learning\Django Application\venv\Lib\site-packages\pip\_internal\cli\req_command.py", line 67, in wrapper
    return func(self, options, args)
           ^^^^^^^^^^^^^^^^^^^^^^^^^
  File "C:\Users\Admin\Desktop\Deepfake_detection_using_deep_learning\Django Application\venv\Lib\site-packages\pip\_internal\commands\install.py", line 386, in run
    requirement_set = resolver.resolve(
                      ^^^^^^^^^^^^^^^^^
  File "C:\Users\Admin\Desktop\Deepfake_detection_using_deep_learning\Django Application\venv\Lib\site-packages\pip\_internal\resolution\resolvelib\resolver.py", line 95, in resolve
    result = self._result = resolver.resolve(
                            ^^^^^^^^^^^^^^^^^
  File "C:\Users\Admin\Desktop\Deepfake_detection_using_deep_learning\Django Application\venv\Lib\site-packages\pip\_vendor\resolvelib\resolvers.py", line 546, in resolve
    state = resolution.resolve(requirements, max_rounds=max_rounds)
            ^^^^^^^^^^^^^^^^^^^^^^^^^^^^^^^^^^^^^^^^^^^^^^^^^^^^^^^
  File "C:\Users\Admin\Desktop\Deepfake_detection_using_deep_learning\Django Application\venv\Lib\site-packages\pip\_vendor\resolvelib\resolvers.py", line 397, in resolve
    self._add_to_criteria(self.state.criteria, r, parent=None)
  File "C:\Users\Admin\Desktop\Deepfake_detection_using_deep_learning\Django Application\venv\Lib\site-packages\pip\_vendor\resolvelib\resolvers.py", line 173, in _add_to_criteria
    if not criterion.candidates:
           ^^^^^^^^^^^^^^^^^^^^
  File "C:\Users\Admin\Desktop\Deepfake_detection_using_deep_learning\Django Application\venv\Lib\site-packages\pip\_vendor\resolvelib\structs.py", line 156, in __bool__
    return bool(self._sequence)
           ^^^^^^^^^^^^^^^^^^^^
  File "C:\Users\Admin\Desktop\Deepfake_detection_using_deep_learning\Django Application\venv\Lib\site-packages\pip\_internal\resolution\resolvelib\found_candidates.py", line 174, in __bool__
    return any(self)
           ^^^^^^^^^
  File "C:\Users\Admin\Desktop\Deepfake_detection_using_deep_learning\Django Application\venv\Lib\site-packages\pip\_internal\resolution\resolvelib\found_candidates.py", line 162, in <genexpr>
    return (c for c in iterator if id(c) not in self._incompatible_ids)
                       ^^^^^^^^
  File "C:\Users\Admin\Desktop\Deepfake_detection_using_deep_learning\Django Application\venv\Lib\site-packages\pip\_internal\resolution\resolvelib\found_candidates.py", line 53, in _iter_built
    candidate = func()
                ^^^^^^
  File "C:\Users\Admin\Desktop\Deepfake_detection_using_deep_learning\Django Application\venv\Lib\site-packages\pip\_internal\resolution\resolvelib\factory.py", line 187, in _make_candidate_from_link
    base: Optional[BaseCandidate] = self._make_base_candidate_from_link(
                                    ^^^^^^^^^^^^^^^^^^^^^^^^^^^^^^^^^^^^
  File "C:\Users\Admin\Desktop\Deepfake_detection_using_deep_learning\Django Application\venv\Lib\site-packages\pip\_internal\resolution\resolvelib\factory.py", line 233, in _make_base_candidate_from_link
    self._link_candidate_cache[link] = LinkCandidate(
                                       ^^^^^^^^^^^^^^
  File "C:\Users\Admin\Desktop\Deepfake_detection_using_deep_learning\Django Application\venv\Lib\site-packages\pip\_internal\resolution\resolvelib\candidates.py", line 304, in __init__
    super().__init__(
  File "C:\Users\Admin\Desktop\Deepfake_detection_using_deep_learning\Django Application\venv\Lib\site-packages\pip\_internal\resolution\resolvelib\candidates.py", line 159, in __init__
    self.dist = self._prepare()
                ^^^^^^^^^^^^^^^
  File "C:\Users\Admin\Desktop\Deepfake_detection_using_deep_learning\Django Application\venv\Lib\site-packages\pip\_internal\resolution\resolvelib\candidates.py", line 236, in _prepare
    dist = self._prepare_distribution()
           ^^^^^^^^^^^^^^^^^^^^^^^^^^^^
  File "C:\Users\Admin\Desktop\Deepfake_detection_using_deep_learning\Django Application\venv\Lib\site-packages\pip\_internal\resolution\resolvelib\candidates.py", line 315, in _prepare_distribution
    return preparer.prepare_linked_requirement(self._ireq, parallel_builds=True)
           ^^^^^^^^^^^^^^^^^^^^^^^^^^^^^^^^^^^^^^^^^^^^^^^^^^^^^^^^^^^^^^^^^^^^^
  File "C:\Users\Admin\Desktop\Deepfake_detection_using_deep_learning\Django Application\venv\Lib\site-packages\pip\_internal\operations\prepare.py", line 527, in prepare_linked_requirement
    return self._prepare_linked_requirement(req, parallel_builds)
           ^^^^^^^^^^^^^^^^^^^^^^^^^^^^^^^^^^^^^^^^^^^^^^^^^^^^^^
  File "C:\Users\Admin\Desktop\Deepfake_detection_using_deep_learning\Django Application\venv\Lib\site-packages\pip\_internal\operations\prepare.py", line 598, in _prepare_linked_requirement
    local_file = unpack_url(
                 ^^^^^^^^^^^
  File "C:\Users\Admin\Desktop\Deepfake_detection_using_deep_learning\Django Application\venv\Lib\site-packages\pip\_internal\operations\prepare.py", line 170, in unpack_url
    file = get_http_url(
           ^^^^^^^^^^^^^
  File "C:\Users\Admin\Desktop\Deepfake_detection_using_deep_learning\Django Application\venv\Lib\site-packages\pip\_internal\operations\prepare.py", line 111, in get_http_url
    from_path, content_type = download(link, temp_dir.path)
                              ^^^^^^^^^^^^^^^^^^^^^^^^^^^^^
  File "C:\Users\Admin\Desktop\Deepfake_detection_using_deep_learning\Django Application\venv\Lib\site-packages\pip\_internal\network\download.py", line 148, in __call__
    for chunk in chunks:
                 ^^^^^^
  File "C:\Users\Admin\Desktop\Deepfake_detection_using_deep_learning\Django Application\venv\Lib\site-packages\pip\_internal\cli\progress_bars.py", line 55, in _rich_progress_bar
    for chunk in iterable:
                 ^^^^^^^^
  File "C:\Users\Admin\Desktop\Deepfake_detection_using_deep_learning\Django Application\venv\Lib\site-packages\pip\_internal\network\utils.py", line 65, in response_chunks
    for chunk in response.raw.stream(
                 ^^^^^^^^^^^^^^^^^^^^
  File "C:\Users\Admin\Desktop\Deepfake_detection_using_deep_learning\Django Application\venv\Lib\site-packages\pip\_vendor\urllib3\response.py", line 622, in stream
    data = self.read(amt=amt, decode_content=decode_content)
           ^^^^^^^^^^^^^^^^^^^^^^^^^^^^^^^^^^^^^^^^^^^^^^^^^
  File "C:\Users\Admin\Desktop\Deepfake_detection_using_deep_learning\Django Application\venv\Lib\site-packages\pip\_vendor\urllib3\response.py", line 560, in read
    with self._error_catcher():
         ^^^^^^^^^^^^^^^^^^^^^
  File "C:\Users\Admin\AppData\Local\Programs\Python\Python312\Lib\contextlib.py", line 158, in __exit__
    self.gen.throw(value)
  File "C:\Users\Admin\Desktop\Deepfake_detection_using_deep_learning\Django Application\venv\Lib\site-packages\pip\_vendor\urllib3\response.py", line 455, in _error_catcher
    raise ProtocolError("Connection broken: %r" % e, e)
pip._vendor.urllib3.exceptions.ProtocolError: ("Connection broken: OSError(28, 'No space left on device')", OSError(28, 'No space left on device'))
